exports[`test Product page renders correctly 1`] = `
<div
  className={undefined}>
  <section
    className={undefined}>
    <div
      className={undefined}>
      <div
        className={undefined}>
        <div
          className={undefined}>
          <img
            alt="User Pic"
            className={undefined}
            src="https://randomuser.me/api/portraits/men/13.jpg" />
          <span
            className={undefined}>
            tracymacgrady
          </span>
        </div>
        <div
          className={undefined}>
          <span>
            500
            m
          </span>
           away
        </div>
      </div>
      <div
        className={undefined}
        onClick={[Function]}
        style={
          Object {
            "width": "1024px",
          }
        }>
        <div
          className={undefined}
          style={
            Object {
              "backgroundImage": "url(/images/leaf-iphone-case.jpg)",
              "width": "1024px",
            }
          } />
        <div
          className={undefined}>
          <div
            className={undefined}>
            <p>
              Leaf iPhone Case Hard Plastic
            </p>
            <p>
              <strong>
                AED 
                450
              </strong>
            </p>
          </div>
          <div
            className={undefined}>
            <i
              className="  " />
            <i
              className="  " />
          </div>
        </div>
      </div>
      <div
        className={undefined}>
        <i
          className="  " />
         
        32
         likes
      </div>
      <div
        className={undefined}>
        <p
          className={undefined}>
          Lorem ipsum dolor sit amet, consectetur adipiscing elit
          <span
            className={undefined}>
             
            #iphone 
            #cases 
            #mobile_phones 
            #macbookpro 
          </span>
        </p>
      </div>
      <div
        className={undefined}>
        <div
          className={undefined}>
          <div
            className={undefined}>
            <img
              alt="jevonjans"
              src="https://randomuser.me/api/portraits/men/98.jpg" />
          </div>
          <div
            className={undefined}>
            <span
              className={undefined}>
              jevonjans
            </span>
             
            Adhuc liberavisse cu pro. Ex eam mutat ancillae noluisse. Ius ad autem aliquid vulputate
          </div>
        </div>
        <div
          className={undefined}>
          <div
            className={undefined}>
            <img
              alt="robynrihanna"
              src="https://randomuser.me/api/portraits/women/28.jpg" />
          </div>
          <div
            className={undefined}>
            <span
              className={undefined}>
              robynrihanna
            </span>
             
            Te nec soleat graece commune, cu pri ferri verear dignissim, case wisi ad vim. Modo iusto aperiam eu eos, etiam convenire assueverit cum no.
          </div>
        </div>
      </div>
      <div
        className={undefined}>
        <input
          className={undefined}
          placeholder="Write comment"
          type="text" />
        <button
          className={undefined}
          onClick={[Function]}>
          <i
            className="  " />
        </button>
      </div>
    </div>
  </section>
  <div
    className={undefined}>
    <div
      className={undefined}>
      <a
        className={undefined}
        onClick={[Function]}
        style={Object {}}>
        <i
          className="  " />
      </a>
    </div>
    <div
      className={undefined}>
      Photos
    </div>
    <div
      className={undefined} />
  </div>
</div>
`;
