exports[`test Product page renders correctly 1`] = `
<div
  className={undefined}>
  <section
    className={undefined}>
    <div
      className={undefined}>
      <div
        className={undefined}>
        <div
          className={undefined}>
          <img
            alt="User Pic"
            className={undefined}
            src="https://randomuser.me/api/portraits/men/13.jpg" />
          <span
            className={undefined}>
            tracymacgrady
          </span>
        </div>
        <div
          className={undefined}>
          <span>
            500m
          </span>
           away
        </div>
      </div>
      <div
        className={undefined}
        onClick={[Function]}>
        <div
          className={undefined}
          style={
            Object {
              "backgroundImage": "url(/images/leaf-iphone-case.jpg)",
            }
          } />
        <div
          className={undefined}>
          <div
            className={undefined}>
            <p>
              Leaf iPhone Case Hard Plastic
            </p>
            <p>
              <strong>
                AED 230
              </strong>
            </p>
          </div>
          <div
            className={undefined}>
            <i
              className="  " />
            <i
              className="  " />
          </div>
        </div>
      </div>
      <div
        className={undefined}>
        <i
          className="  " />
         32 likes
      </div>
      <div
        className={undefined}>
        <p
          className={undefined}>
          Lorem ipsum dolor sit amet, consectetur adipiscing elit,
          <span
            className={undefined}>
             #iphone #cases #mobile_phones #macbookpro
          </span>
        </p>
      </div>
      <div
        className={undefined}>
        <div
          className={undefined}>
          <div
            className={undefined}>
            <img
              alt="comment user"
              src="https://randomuser.me/api/portraits/women/22.jpg" />
          </div>
          <div
            className={undefined}>
            <span
              className={undefined}>
              siliconalley
            </span>
             Vivamus augue ante, convallis eu congure sit amet, efficiture auis nibh. 
            <a
              className={undefined}
              href="#">
              #montmotors
            </a>
             Nullam porta est dolor. id fermentium ligula tncidun
          </div>
        </div>
        <div
          className={undefined}>
          <div
            className={undefined}>
            <img
              alt="comment user"
              src="https://randomuser.me/api/portraits/women/22.jpg" />
          </div>
          <div
            className={undefined}>
            <span
              className={undefined}>
              siliconalley
            </span>
             Vivamus augue ante, convallis eu congure sit amet, efficiture auis nibh. 
            <a
              className={undefined}
              href="#">
              #montmotors
            </a>
             Nullam porta est dolor. id fermentium ligula tncidun
          </div>
        </div>
      </div>
      <div
        className={undefined}>
        <input
          className={undefined}
          placeholder="Write comment"
          type="text" />
        <button
          className={undefined}>
          <i
            className="  " />
        </button>
      </div>
    </div>
  </section>
</div>
`;
